---BEGIN---
oracle=1540
d0=0|1900|0|0|0|[18991231]|0000.00
d1=1|1900|1|1|1|[19000101]|0001.01
d59=59|1900|2|28|3|[19000228]|0002.28
d60=60|1900|3|1|4|[19000301]|0003.01
d61=61|1900|3|2|5|[19000302]|0003.02
d35138=35138|1996|3|15|5|[19960315]|9603.15
d36524=36524|1999|12|31|5|[19991231]|9912.31
d36525=36525|2000|1|1|6|[20000101]|0001.01
d65379=65379|2078|12|31|6|[20781231]|7812.31
d65380=65380|2079|1|1|0|[20790101]|7901.01
d65535=65535|2079|6|5|1|[20790605]|7906.05
d65536=0|1900|0|0|0|[20790606]|0000.00
d-1=65535|2079|6|5|1|[18991230]|7906.05
d2147483647=65535|2079|6|5|1|[        ]|7906.05
m0,1,1=26922|1973|9|16|0
m24,1,2=35689|1997|9|17|3
m78,12,31=55776|2052|9|15|0
m79,1,1=55777|2052|9|16|1
m1900,1,1=1|1900|1|1|1
m1978,12,31=28854|1978|12|31|0
m1979,1,1=28855|1979|1|1|1
m1996,3,15=35138|1996|3|15|5
m2000,2,29=36584|2000|2|29|2
m2024,1,2=45292|2024|1|2|2
m2024,2,31=45352|2024|3|2|6
m2024,0,0=45290|2023|12|31|0
m2078,12,31=65379|2078|12|31|6
m2079,1,1=65380|2079|1|1|0
m2100,2,29=7573|1920|9|25|6
m2100,3,1=7574|1920|9|26|0
s[]=0|0|-2415021|0
s[0]=0|0|-2415021|0
s[01-01-24]=1|45291|-693571|0
s[03-15-96]=1|35138|-2415021|0
s[02-31-2024]=0|45352|-693210|0
s[13-01-2024]=0|45292|-689192|0
s[01-01-abc]=1|36525|-2415021|0
s[01/02/2024]=0|45292|-693544|0
s[01.02.2024]=0|45292|-693544|36526
s[01 02 2024]=0|45292|-693544|0
s[010224]=1|45292|-2415021|0
s[01022024]=0|45292|-2415021|0
s[20240102]=0|64414|45292|0
s[00-00-00]=0|0|-2415021|0
s[-1-01-24]=0|0|-2415021|0
s[ 01-02-24 ]=0|0|-2415021|0
s[01-02-24junk]=1|45292|-693540|0
s[01-02-1978]=0|28491|-693545|0
s[01-02-2079]=0|65381|-693544|0
t[]=0|0|[00:00:00]
t[00:00:00]=1|0|[00:00:00]
t[12:34]=1|45240|[12:34:00]
t[14:22:36]=1|51756|[14:22:36]
t[23:59:59]=1|86399|[23:59:59]
t[24:00:00]=0|0|[00:00:00]
t[25:61:99]=0|7359|[02:02:39]
t[-1:00:00]=0|0|[00:00:00]
t[12:34:56junk]=0|0|[00:00:00]
t[12 34 56]=0|0|[00:00:00]
t[12.34.56]=0|0|[00:00:00]
t[1:2:3]=1|3723|[01:02:03]
t[12:34:56:78]=0|45296|[12:34:56]
t[12:34 PM]=0|0|[00:00:00]
t[ 12:34:56 ]=0|0|[00:00:00]
t[abc]=0|0|[00:00:00]
t[:]=1|0|[00:00:00]
t[::]=1|0|[00:00:00]
t[12:]=1|0|[00:00:00]
t[12::34]=1|45240|[12:34:00]
t[:12:34]=1|45240|[12:34:00]
t[12:34:]=1|45240|[12:34:00]
t[+1:+2:+3]=1|0|[00:00:00]
t[ 1: 2: 3]=1|0|[00:00:00]
t[1:2:3 ]=0|0|[00:00:00]
t[2147483648:0:0]=0|0|[00:00:00]
t[65536:65536:65536]=0|80896|[22:28:16]
v-1=0|0|-1|[12:00:-1 AM]|[00:00:-01]
v-3600=-1|0|0|[-1:00:00 AM]|[-01:00:00]
v0=0|0|0|[12:00:00 AM]|[00:00:00]
v1=0|0|1|[12:00:01 AM]|[00:00:01]
v43200=12|0|0|[12:00:00 PM]|[12:00:00]
v51756=14|22|36|[ 2:22:36 PM]|[14:22:36]
v86399=23|59|59|[11:59:59 PM]|[23:59:59]
v86400=0|0|0|[12:00:00 AM]|[00:00:00]
v90061=1|1|1|[ 1:01:01 AM]|[01:01:01]
v2147483647=3|14|7|[ 3:14:07 AM]|[03:14:07]
v-2147483648=-3|-14|-8|[-3:-14:-8 AM]|[-03:-14:-08]
q[00000101]=-693959|[00000101]
q[00000229]=-693900|[00000229]
q[00000301]=-693899|[00000301]
q[00001231]=-693594|[00010101]
q[00010101]=-693594|[00010101]
q[00010229]=-2415021|[        ]
q[19000228]=59|[19000228]
q[19000229]=-2415021|[        ]
q[19000301]=60|[19000301]
q[20000229]=36584|[20000229]
q[20240231]=-2415021|[        ]
q[21000228]=73108|[21000228]
q[21000229]=-2415021|[        ]
q[21000301]=73109|[21000301]
q[24000229]=182681|[24000229]
q[99991231]=2958464|[99991231]
q[20240101junk]=45291|[20240101]
q[+0010101]=-693594|[00010101]
q[abcd0101]=-693959|[00000101]
q[    0101]=-693959|[00000101]
s[02-31-24]=1|45352|-693206|0
s[1a2b24]=1|45292|-2415021|0
e[9603.15]=35138|[9603.15]
e[2401.0299]=45319|[2401.29]
e[0000.00]=0|[0000.00]
d-693959=26937|1973|10|1|1|[00000101]|7310.01
d-693960=26936|1973|9|30|0|[00000100]|7309.30
d-693595=27301|1974|9|30|1|[00001230]|7409.30
d-693596=27300|1974|9|29|0|[00001229]|7409.29
d-2415020=9812|1926|11|12|5|[        ]|2611.12
d-2415019=9813|1926|11|13|6|[****1124]|2611.13
domain=65536|-1808425043|356623051|-632106281
---END---
